// Vitest Snapshot v1, https://vitest.dev/guide/snapshot.html

exports[`ai uses its reviewed path geometry 1`] = `"<svg class="game-ui-icon" viewBox="0 0 24 24" width="20" height="20" fill="none" stroke="currentColor" stroke-width="2" stroke-linecap="round" stroke-linejoin="round" focusable="false" role="img" aria-label="ai" data-icon="ai" data-icon-size="md"><path d="M12 18V5"></path><path d="M15 13a4.17 4.17 0 0 1-3-4 4.17 4.17 0 0 1-3 4"></path><path d="M17.598 6.5A3 3 0 1 0 12 5a3 3 0 1 0-5.598 1.5"></path><path d="M17.997 5.125a4 4 0 0 1 2.526 5.77"></path><path d="M18 18a4 4 0 0 0 2-7.464"></path><path d="M19.967 17.483A4 4 0 1 1 12 18a4 4 0 1 1-7.967-.517"></path><path d="M6 18a4 4 0 0 1-2-7.464"></path><path d="M6.003 5.125a4 4 0 0 0-2.526 5.77"></path></svg>"`;

exports[`alert uses its reviewed path geometry 1`] = `"<svg class="game-ui-icon" viewBox="0 0 24 24" width="20" height="20" fill="none" stroke="currentColor" stroke-width="2" stroke-linecap="round" stroke-linejoin="round" focusable="false" role="img" aria-label="alert" data-icon="alert" data-icon-size="md"><path d="m21.73 18-8-14a2 2 0 0 0-3.48 0l-8 14A2 2 0 0 0 4 21h16a2 2 0 0 0 1.73-3"></path><path d="M12 9v4"></path><path d="M12 17h.01"></path></svg>"`;

exports[`arrow-left uses its reviewed path geometry 1`] = `"<svg class="game-ui-icon" viewBox="0 0 24 24" width="20" height="20" fill="none" stroke="currentColor" stroke-width="2" stroke-linecap="round" stroke-linejoin="round" focusable="false" role="img" aria-label="arrow-left" data-icon="arrow-left" data-icon-size="md"><path d="m12 19-7-7 7-7"></path><path d="M19 12H5"></path></svg>"`;

exports[`arrow-right uses its reviewed path geometry 1`] = `"<svg class="game-ui-icon" viewBox="0 0 24 24" width="20" height="20" fill="none" stroke="currentColor" stroke-width="2" stroke-linecap="round" stroke-linejoin="round" focusable="false" role="img" aria-label="arrow-right" data-icon="arrow-right" data-icon-size="md"><path d="M5 12h14"></path><path d="m12 5 7 7-7 7"></path></svg>"`;

exports[`card uses its reviewed path geometry 1`] = `"<svg class="game-ui-icon" viewBox="0 0 24 24" width="20" height="20" fill="none" stroke="currentColor" stroke-width="2" stroke-linecap="round" stroke-linejoin="round" focusable="false" role="img" aria-label="card" data-icon="card" data-icon-size="md"><path d="M4 5H20a2 2 0 0 1 2 2V17a2 2 0 0 1 -2 2H4a2 2 0 0 1 -2 -2V7a2 2 0 0 1 2 -2Z"></path><path d="M2 10L22 10"></path><path d="M6 14h2"></path></svg>"`;

exports[`chat uses its reviewed path geometry 1`] = `"<svg class="game-ui-icon" viewBox="0 0 24 24" width="20" height="20" fill="none" stroke="currentColor" stroke-width="2" stroke-linecap="round" stroke-linejoin="round" focusable="false" role="img" aria-label="chat" data-icon="chat" data-icon-size="md"><path d="M2.992 16.342a2 2 0 0 1 .094 1.167l-1.065 3.29a1 1 0 0 0 1.236 1.168l3.413-.998a2 2 0 0 1 1.099.092 10 10 0 1 0-4.777-4.719"></path></svg>"`;

exports[`check uses its reviewed path geometry 1`] = `"<svg class="game-ui-icon" viewBox="0 0 24 24" width="20" height="20" fill="none" stroke="currentColor" stroke-width="2" stroke-linecap="round" stroke-linejoin="round" focusable="false" role="img" aria-label="check" data-icon="check" data-icon-size="md"><path d="M20 6 9 17l-5-5"></path></svg>"`;

exports[`chevron-down uses its reviewed path geometry 1`] = `"<svg class="game-ui-icon" viewBox="0 0 24 24" width="20" height="20" fill="none" stroke="currentColor" stroke-width="2" stroke-linecap="round" stroke-linejoin="round" focusable="false" role="img" aria-label="chevron-down" data-icon="chevron-down" data-icon-size="md"><path d="m6 9 6 6 6-6"></path></svg>"`;

exports[`chevron-up uses its reviewed path geometry 1`] = `"<svg class="game-ui-icon" viewBox="0 0 24 24" width="20" height="20" fill="none" stroke="currentColor" stroke-width="2" stroke-linecap="round" stroke-linejoin="round" focusable="false" role="img" aria-label="chevron-up" data-icon="chevron-up" data-icon-size="md"><path d="m18 15-6-6-6 6"></path></svg>"`;

exports[`close uses its reviewed path geometry 1`] = `"<svg class="game-ui-icon" viewBox="0 0 24 24" width="20" height="20" fill="none" stroke="currentColor" stroke-width="2" stroke-linecap="round" stroke-linejoin="round" focusable="false" role="img" aria-label="close" data-icon="close" data-icon-size="md"><path d="M18 6 6 18"></path><path d="m6 6 12 12"></path></svg>"`;

exports[`coin uses its reviewed path geometry 1`] = `"<svg class="game-ui-icon" viewBox="0 0 24 24" width="20" height="20" fill="none" stroke="currentColor" stroke-width="2" stroke-linecap="round" stroke-linejoin="round" focusable="false" role="img" aria-label="coin" data-icon="coin" data-icon-size="md"><path d="M13.744 17.736a6 6 0 1 1-7.48-7.48"></path><path d="M15 6h1v4"></path><path d="m6.134 14.768.866-.5 2 3.464"></path><path d="M10 8a6 6 0 1 0 12 0a6 6 0 1 0 -12 0"></path></svg>"`;

exports[`compass uses its reviewed path geometry 1`] = `"<svg class="game-ui-icon" viewBox="0 0 24 24" width="20" height="20" fill="none" stroke="currentColor" stroke-width="2" stroke-linecap="round" stroke-linejoin="round" focusable="false" role="img" aria-label="compass" data-icon="compass" data-icon-size="md"><path d="M2 12a10 10 0 1 0 20 0a10 10 0 1 0 -20 0"></path><path d="m16.24 7.76-1.804 5.411a2 2 0 0 1-1.265 1.265L7.76 16.24l1.804-5.411a2 2 0 0 1 1.265-1.265z"></path></svg>"`;

exports[`copy uses its reviewed path geometry 1`] = `"<svg class="game-ui-icon" viewBox="0 0 24 24" width="20" height="20" fill="none" stroke="currentColor" stroke-width="2" stroke-linecap="round" stroke-linejoin="round" focusable="false" role="img" aria-label="copy" data-icon="copy" data-icon-size="md"><path d="M10 8H20a2 2 0 0 1 2 2V20a2 2 0 0 1 -2 2H10a2 2 0 0 1 -2 -2V10a2 2 0 0 1 2 -2Z"></path><path d="M4 16c-1.1 0-2-.9-2-2V4c0-1.1.9-2 2-2h10c1.1 0 2 .9 2 2"></path></svg>"`;

exports[`crown uses its reviewed path geometry 1`] = `"<svg class="game-ui-icon" viewBox="0 0 24 24" width="20" height="20" fill="none" stroke="currentColor" stroke-width="2" stroke-linecap="round" stroke-linejoin="round" focusable="false" role="img" aria-label="crown" data-icon="crown" data-icon-size="md"><path d="M11.562 3.266a.5.5 0 0 1 .876 0L15.39 8.87a1 1 0 0 0 1.516.294L21.183 5.5a.5.5 0 0 1 .798.519l-2.834 10.246a1 1 0 0 1-.956.734H5.81a1 1 0 0 1-.957-.734L2.02 6.02a.5.5 0 0 1 .798-.519l4.276 3.664a1 1 0 0 0 1.516-.294z"></path><path d="M5 21h14"></path></svg>"`;

exports[`download uses its reviewed path geometry 1`] = `"<svg class="game-ui-icon" viewBox="0 0 24 24" width="20" height="20" fill="none" stroke="currentColor" stroke-width="2" stroke-linecap="round" stroke-linejoin="round" focusable="false" role="img" aria-label="download" data-icon="download" data-icon-size="md"><path d="M12 15V3"></path><path d="M21 15v4a2 2 0 0 1-2 2H5a2 2 0 0 1-2-2v-4"></path><path d="m7 10 5 5 5-5"></path></svg>"`;

exports[`energy uses its reviewed path geometry 1`] = `"<svg class="game-ui-icon" viewBox="0 0 24 24" width="20" height="20" fill="none" stroke="currentColor" stroke-width="2" stroke-linecap="round" stroke-linejoin="round" focusable="false" role="img" aria-label="energy" data-icon="energy" data-icon-size="md"><path d="M15.914 4a1.5 1.5 0 00-2.474-1.561l-9 9A1.5 1.5 0 005.5 14h4.002a.5.5 0 01.471.666L8.086 20a1.5 1.5 0 002.475 1.56l9-9A1.5 1.5 0 0018.5 10h-3.997a.5.5 0 01-.472-.667z"></path></svg>"`;

exports[`external uses its reviewed path geometry 1`] = `"<svg class="game-ui-icon" viewBox="0 0 24 24" width="20" height="20" fill="none" stroke="currentColor" stroke-width="2" stroke-linecap="round" stroke-linejoin="round" focusable="false" role="img" aria-label="external" data-icon="external" data-icon-size="md"><path d="M15 3h6v6"></path><path d="M10 14 21 3"></path><path d="M18 13v6a2 2 0 0 1-2 2H5a2 2 0 0 1-2-2V8a2 2 0 0 1 2-2h6"></path></svg>"`;

exports[`gem uses its reviewed path geometry 1`] = `"<svg class="game-ui-icon" viewBox="0 0 24 24" width="20" height="20" fill="none" stroke="currentColor" stroke-width="2" stroke-linecap="round" stroke-linejoin="round" focusable="false" role="img" aria-label="gem" data-icon="gem" data-icon-size="md"><path d="M10.5 3 8 9l4 13 4-13-2.5-6"></path><path d="M17 3a2 2 0 0 1 1.6.8l3 4a2 2 0 0 1 .013 2.382l-7.99 10.986a2 2 0 0 1-3.247 0l-7.99-10.986A2 2 0 0 1 2.4 7.8l2.998-3.997A2 2 0 0 1 7 3z"></path><path d="M2 9h20"></path></svg>"`;

exports[`gift uses its reviewed path geometry 1`] = `"<svg class="game-ui-icon" viewBox="0 0 24 24" width="20" height="20" fill="none" stroke="currentColor" stroke-width="2" stroke-linecap="round" stroke-linejoin="round" focusable="false" role="img" aria-label="gift" data-icon="gift" data-icon-size="md"><path d="M12 7v14"></path><path d="M20 11v8a2 2 0 0 1-2 2H6a2 2 0 0 1-2-2v-8"></path><path d="M7.5 7a1 1 0 0 1 0-5A4.8 8 0 0 1 12 7a4.8 8 0 0 1 4.5-5 1 1 0 0 1 0 5"></path><path d="M4 7H20a1 1 0 0 1 1 1V10a1 1 0 0 1 -1 1H4a1 1 0 0 1 -1 -1V8a1 1 0 0 1 1 -1Z"></path></svg>"`;

exports[`globe uses its reviewed path geometry 1`] = `"<svg class="game-ui-icon" viewBox="0 0 24 24" width="20" height="20" fill="none" stroke="currentColor" stroke-width="2" stroke-linecap="round" stroke-linejoin="round" focusable="false" role="img" aria-label="globe" data-icon="globe" data-icon-size="md"><path d="M2 12a10 10 0 1 0 20 0a10 10 0 1 0 -20 0"></path><path d="M12 2a14.5 14.5 0 0 0 0 20 14.5 14.5 0 0 0 0-20"></path><path d="M2 12h20"></path></svg>"`;

exports[`history uses its reviewed path geometry 1`] = `"<svg class="game-ui-icon" viewBox="0 0 24 24" width="20" height="20" fill="none" stroke="currentColor" stroke-width="2" stroke-linecap="round" stroke-linejoin="round" focusable="false" role="img" aria-label="history" data-icon="history" data-icon-size="md"><path d="M3 12a9 9 0 1 0 9-9 9.75 9.75 0 0 0-6.74 2.74L3 8"></path><path d="M3 3v5h5"></path><path d="M12 7v5l4 2"></path></svg>"`;

exports[`home uses its reviewed path geometry 1`] = `"<svg class="game-ui-icon" viewBox="0 0 24 24" width="20" height="20" fill="none" stroke="currentColor" stroke-width="2" stroke-linecap="round" stroke-linejoin="round" focusable="false" role="img" aria-label="home" data-icon="home" data-icon-size="md"><path d="M15 21v-8a1 1 0 0 0-1-1h-4a1 1 0 0 0-1 1v8"></path><path d="M3 10a2 2 0 0 1 .709-1.528l7-6a2 2 0 0 1 2.582 0l7 6A2 2 0 0 1 21 10v9a2 2 0 0 1-2 2H5a2 2 0 0 1-2-2z"></path></svg>"`;

exports[`hourglass uses its reviewed path geometry 1`] = `"<svg class="game-ui-icon" viewBox="0 0 24 24" width="20" height="20" fill="none" stroke="currentColor" stroke-width="2" stroke-linecap="round" stroke-linejoin="round" focusable="false" role="img" aria-label="hourglass" data-icon="hourglass" data-icon-size="md"><path d="M5 22h14"></path><path d="M5 2h14"></path><path d="M17 22v-4.172a2 2 0 0 0-.586-1.414L12 12l-4.414 4.414A2 2 0 0 0 7 17.828V22"></path><path d="M7 2v4.172a2 2 0 0 0 .586 1.414L12 12l4.414-4.414A2 2 0 0 0 17 6.172V2"></path></svg>"`;

exports[`laurel uses its reviewed path geometry 1`] = `"<svg class="game-ui-icon" viewBox="0 0 24 24" width="20" height="20" fill="none" stroke="currentColor" stroke-width="2" stroke-linecap="round" stroke-linejoin="round" focusable="false" role="img" aria-label="laurel" data-icon="laurel" data-icon-size="md"><path d="m15.477 12.89 1.515 8.526a.5.5 0 0 1-.81.47l-3.58-2.687a1 1 0 0 0-1.197 0l-3.586 2.686a.5.5 0 0 1-.81-.469l1.514-8.526"></path><path d="M6 8a6 6 0 1 0 12 0a6 6 0 1 0 -12 0"></path></svg>"`;

exports[`lock uses its reviewed path geometry 1`] = `"<svg class="game-ui-icon" viewBox="0 0 24 24" width="20" height="20" fill="none" stroke="currentColor" stroke-width="2" stroke-linecap="round" stroke-linejoin="round" focusable="false" role="img" aria-label="lock" data-icon="lock" data-icon-size="md"><path d="M5 11H19a2 2 0 0 1 2 2V20a2 2 0 0 1 -2 2H5a2 2 0 0 1 -2 -2V13a2 2 0 0 1 2 -2Z"></path><path d="M7 11V7a5 5 0 0 1 10 0v4"></path></svg>"`;

exports[`lucky uses its reviewed path geometry 1`] = `"<svg class="game-ui-icon" viewBox="0 0 24 24" width="20" height="20" fill="none" stroke="currentColor" stroke-width="2" stroke-linecap="round" stroke-linejoin="round" focusable="false" role="img" aria-label="lucky" data-icon="lucky" data-icon-size="md"><path d="M16.17 7.83 2 22"></path><path d="M4.02 12a2.827 2.827 0 1 1 3.81-4.17A2.827 2.827 0 1 1 12 4.02a2.827 2.827 0 1 1 4.17 3.81A2.827 2.827 0 1 1 19.98 12a2.827 2.827 0 1 1-3.81 4.17A2.827 2.827 0 1 1 12 19.98a2.827 2.827 0 1 1-4.17-3.81A1 1 0 1 1 4 12"></path><path d="m7.83 7.83 8.34 8.34"></path></svg>"`;

exports[`mail uses its reviewed path geometry 1`] = `"<svg class="game-ui-icon" viewBox="0 0 24 24" width="20" height="20" fill="none" stroke="currentColor" stroke-width="2" stroke-linecap="round" stroke-linejoin="round" focusable="false" role="img" aria-label="mail" data-icon="mail" data-icon-size="md"><path d="m22 7-8.991 5.727a2 2 0 0 1-2.009 0L2 7"></path><path d="M4 4H20a2 2 0 0 1 2 2V18a2 2 0 0 1 -2 2H4a2 2 0 0 1 -2 -2V6a2 2 0 0 1 2 -2Z"></path></svg>"`;

exports[`medal uses its reviewed path geometry 1`] = `"<svg class="game-ui-icon" viewBox="0 0 24 24" width="20" height="20" fill="none" stroke="currentColor" stroke-width="2" stroke-linecap="round" stroke-linejoin="round" focusable="false" role="img" aria-label="medal" data-icon="medal" data-icon-size="md"><path d="M7.21 15 2.66 7.14a2 2 0 0 1 .13-2.2L4.4 2.8A2 2 0 0 1 6 2h12a2 2 0 0 1 1.6.8l1.6 2.14a2 2 0 0 1 .14 2.2L16.79 15"></path><path d="M11 12 5.12 2.2"></path><path d="m13 12 5.88-9.8"></path><path d="M8 7h8"></path><path d="M7 17a5 5 0 1 0 10 0a5 5 0 1 0 -10 0"></path><path d="M12 18v-2h-.5"></path></svg>"`;

exports[`menu uses its reviewed path geometry 1`] = `"<svg class="game-ui-icon" viewBox="0 0 24 24" width="20" height="20" fill="none" stroke="currentColor" stroke-width="2" stroke-linecap="round" stroke-linejoin="round" focusable="false" role="img" aria-label="menu" data-icon="menu" data-icon-size="md"><path d="M4 5h16"></path><path d="M4 12h16"></path><path d="M4 19h16"></path></svg>"`;

exports[`minus uses its reviewed path geometry 1`] = `"<svg class="game-ui-icon" viewBox="0 0 24 24" width="20" height="20" fill="none" stroke="currentColor" stroke-width="2" stroke-linecap="round" stroke-linejoin="round" focusable="false" role="img" aria-label="minus" data-icon="minus" data-icon-size="md"><path d="M5 12h14"></path></svg>"`;

exports[`mission uses its reviewed path geometry 1`] = `"<svg class="game-ui-icon" viewBox="0 0 24 24" width="20" height="20" fill="none" stroke="currentColor" stroke-width="2" stroke-linecap="round" stroke-linejoin="round" focusable="false" role="img" aria-label="mission" data-icon="mission" data-icon-size="md"><path d="M4 22V4a1 1 0 0 1 .4-.8A6 6 0 0 1 8 2c3 0 5 2 7.333 2q2 0 3.067-.8A1 1 0 0 1 20 4v10a1 1 0 0 1-.4.8A6 6 0 0 1 16 16c-3 0-5-2-8-2a6 6 0 0 0-4 1.528"></path></svg>"`;

exports[`mobile uses its reviewed path geometry 1`] = `"<svg class="game-ui-icon" viewBox="0 0 24 24" width="20" height="20" fill="none" stroke="currentColor" stroke-width="2" stroke-linecap="round" stroke-linejoin="round" focusable="false" role="img" aria-label="mobile" data-icon="mobile" data-icon-size="md"><path d="M7 2H17a2 2 0 0 1 2 2V20a2 2 0 0 1 -2 2H7a2 2 0 0 1 -2 -2V4a2 2 0 0 1 2 -2Z"></path><path d="M12 18h.01"></path></svg>"`;

exports[`moon uses its reviewed path geometry 1`] = `"<svg class="game-ui-icon" viewBox="0 0 24 24" width="20" height="20" fill="none" stroke="currentColor" stroke-width="2" stroke-linecap="round" stroke-linejoin="round" focusable="false" role="img" aria-label="moon" data-icon="moon" data-icon-size="md"><path d="M20.985 12.486a9 9 0 1 1-9.473-9.472c.405-.022.617.46.402.803a6 6 0 0 0 8.268 8.268c.344-.215.825-.004.803.401"></path></svg>"`;

exports[`plus uses its reviewed path geometry 1`] = `"<svg class="game-ui-icon" viewBox="0 0 24 24" width="20" height="20" fill="none" stroke="currentColor" stroke-width="2" stroke-linecap="round" stroke-linejoin="round" focusable="false" role="img" aria-label="plus" data-icon="plus" data-icon-size="md"><path d="M5 12h14"></path><path d="M12 5v14"></path></svg>"`;

exports[`portal uses its reviewed path geometry 1`] = `"<svg class="game-ui-icon" viewBox="0 0 24 24" width="20" height="20" fill="none" stroke="currentColor" stroke-width="2" stroke-linecap="round" stroke-linejoin="round" focusable="false" role="img" aria-label="portal" data-icon="portal" data-icon-size="md"><path d="M20.341 6.484A10 10 0 0 1 10.266 21.85"></path><path d="M3.659 17.516A10 10 0 0 1 13.74 2.152"></path><path d="M9 12a3 3 0 1 0 6 0a3 3 0 1 0 -6 0"></path><path d="M17 5a2 2 0 1 0 4 0a2 2 0 1 0 -4 0"></path><path d="M3 19a2 2 0 1 0 4 0a2 2 0 1 0 -4 0"></path></svg>"`;

exports[`redo uses its reviewed path geometry 1`] = `"<svg class="game-ui-icon" viewBox="0 0 24 24" width="20" height="20" fill="none" stroke="currentColor" stroke-width="2" stroke-linecap="round" stroke-linejoin="round" focusable="false" role="img" aria-label="redo" data-icon="redo" data-icon-size="md"><path d="M21 7v6h-6"></path><path d="M3 17a9 9 0 0 1 9-9 9 9 0 0 1 6 2.3l3 2.7"></path></svg>"`;

exports[`scroll uses its reviewed path geometry 1`] = `"<svg class="game-ui-icon" viewBox="0 0 24 24" width="20" height="20" fill="none" stroke="currentColor" stroke-width="2" stroke-linecap="round" stroke-linejoin="round" focusable="false" role="img" aria-label="scroll" data-icon="scroll" data-icon-size="md"><path d="M19 17V5a2 2 0 0 0-2-2H4"></path><path d="M8 21h12a2 2 0 0 0 2-2v-1a1 1 0 0 0-1-1H11a1 1 0 0 0-1 1v1a2 2 0 1 1-4 0V5a2 2 0 1 0-4 0v2a1 1 0 0 0 1 1h3"></path></svg>"`;

exports[`search uses its reviewed path geometry 1`] = `"<svg class="game-ui-icon" viewBox="0 0 24 24" width="20" height="20" fill="none" stroke="currentColor" stroke-width="2" stroke-linecap="round" stroke-linejoin="round" focusable="false" role="img" aria-label="search" data-icon="search" data-icon-size="md"><path d="m21 21-4.34-4.34"></path><path d="M3 11a8 8 0 1 0 16 0a8 8 0 1 0 -16 0"></path></svg>"`;

exports[`settings uses its reviewed path geometry 1`] = `"<svg class="game-ui-icon" viewBox="0 0 24 24" width="20" height="20" fill="none" stroke="currentColor" stroke-width="2" stroke-linecap="round" stroke-linejoin="round" focusable="false" role="img" aria-label="settings" data-icon="settings" data-icon-size="md"><path d="M9.671 4.136a2.34 2.34 0 0 1 4.659 0 2.34 2.34 0 0 0 3.319 1.915 2.34 2.34 0 0 1 2.33 4.033 2.34 2.34 0 0 0 0 3.831 2.34 2.34 0 0 1-2.33 4.033 2.34 2.34 0 0 0-3.319 1.915 2.34 2.34 0 0 1-4.659 0 2.34 2.34 0 0 0-3.32-1.915 2.34 2.34 0 0 1-2.33-4.033 2.34 2.34 0 0 0 0-3.831A2.34 2.34 0 0 1 6.35 6.051a2.34 2.34 0 0 0 3.319-1.915"></path><path d="M9 12a3 3 0 1 0 6 0a3 3 0 1 0 -6 0"></path></svg>"`;

exports[`shirt uses its reviewed path geometry 1`] = `"<svg class="game-ui-icon" viewBox="0 0 24 24" width="20" height="20" fill="none" stroke="currentColor" stroke-width="2" stroke-linecap="round" stroke-linejoin="round" focusable="false" role="img" aria-label="shirt" data-icon="shirt" data-icon-size="md"><path d="M20.38 3.46 16 2a4 4 0 0 1-8 0L3.62 3.46a2 2 0 0 0-1.34 2.23l.58 3.47a1 1 0 0 0 .99.84H6v10c0 1.1.9 2 2 2h8a2 2 0 0 0 2-2V10h2.15a1 1 0 0 0 .99-.84l.58-3.47a2 2 0 0 0-1.34-2.23z"></path></svg>"`;

exports[`shop uses its reviewed path geometry 1`] = `"<svg class="game-ui-icon" viewBox="0 0 24 24" width="20" height="20" fill="none" stroke="currentColor" stroke-width="2" stroke-linecap="round" stroke-linejoin="round" focusable="false" role="img" aria-label="shop" data-icon="shop" data-icon-size="md"><path d="M15 21v-5a1 1 0 0 0-1-1h-4a1 1 0 0 0-1 1v5"></path><path d="M17.774 10.31a1.12 1.12 0 0 0-1.549 0 2.5 2.5 0 0 1-3.451 0 1.12 1.12 0 0 0-1.548 0 2.5 2.5 0 0 1-3.452 0 1.12 1.12 0 0 0-1.549 0 2.5 2.5 0 0 1-3.77-3.248l2.889-4.184A2 2 0 0 1 7 2h10a2 2 0 0 1 1.653.873l2.895 4.192a2.5 2.5 0 0 1-3.774 3.244"></path><path d="M4 10.95V19a2 2 0 0 0 2 2h12a2 2 0 0 0 2-2v-8.05"></path></svg>"`;

exports[`smile uses its reviewed path geometry 1`] = `"<svg class="game-ui-icon" viewBox="0 0 24 24" width="20" height="20" fill="none" stroke="currentColor" stroke-width="2" stroke-linecap="round" stroke-linejoin="round" focusable="false" role="img" aria-label="smile" data-icon="smile" data-icon-size="md"><path d="M15 10V9"></path><path d="M16.472 15a6 6 0 01-8.943 0"></path><path d="M9 10V9"></path><path d="M2 12a10 10 0 1 0 20 0a10 10 0 1 0 -20 0"></path></svg>"`;

exports[`sun uses its reviewed path geometry 1`] = `"<svg class="game-ui-icon" viewBox="0 0 24 24" width="20" height="20" fill="none" stroke="currentColor" stroke-width="2" stroke-linecap="round" stroke-linejoin="round" focusable="false" role="img" aria-label="sun" data-icon="sun" data-icon-size="md"><path d="M8 12a4 4 0 1 0 8 0a4 4 0 1 0 -8 0"></path><path d="M12 2v2"></path><path d="M12 20v2"></path><path d="m4.93 4.93 1.41 1.41"></path><path d="m17.66 17.66 1.41 1.41"></path><path d="M2 12h2"></path><path d="M20 12h2"></path><path d="m6.34 17.66-1.41 1.41"></path><path d="m19.07 4.93-1.41 1.41"></path></svg>"`;

exports[`timer uses its reviewed path geometry 1`] = `"<svg class="game-ui-icon" viewBox="0 0 24 24" width="20" height="20" fill="none" stroke="currentColor" stroke-width="2" stroke-linecap="round" stroke-linejoin="round" focusable="false" role="img" aria-label="timer" data-icon="timer" data-icon-size="md"><path d="M10 2L14 2"></path><path d="M12 14L15 11"></path><path d="M4 14a8 8 0 1 0 16 0a8 8 0 1 0 -16 0"></path></svg>"`;

exports[`trophy uses its reviewed path geometry 1`] = `"<svg class="game-ui-icon" viewBox="0 0 24 24" width="20" height="20" fill="none" stroke="currentColor" stroke-width="2" stroke-linecap="round" stroke-linejoin="round" focusable="false" role="img" aria-label="trophy" data-icon="trophy" data-icon-size="md"><path d="M10 14.66V17a1 1 0 0 1-1 1 2 2 0 0 0-2 2v2"></path><path d="M14 14.66V17a1 1 0 0 0 1 1 2 2 0 0 1 2 2v2"></path><path d="M17.916 10H19.5A2.5 2.5 0 0 0 22 7.5V5a1 1 0 0 0-1-1h-3"></path><path d="M4 22h16"></path><path d="M6 9a6 6 0 0 0 12 0V3a1 1 0 0 0-1-1H7a1 1 0 0 0-1 1z"></path><path d="M6.084 10H4.5A2.5 2.5 0 0 1 2 7.5V5a1 1 0 0 1 1-1h3"></path></svg>"`;

exports[`undo uses its reviewed path geometry 1`] = `"<svg class="game-ui-icon" viewBox="0 0 24 24" width="20" height="20" fill="none" stroke="currentColor" stroke-width="2" stroke-linecap="round" stroke-linejoin="round" focusable="false" role="img" aria-label="undo" data-icon="undo" data-icon-size="md"><path d="M3 7v6h6"></path><path d="M21 17a9 9 0 0 0-9-9 9 9 0 0 0-6 2.3L3 13"></path></svg>"`;

exports[`user uses its reviewed path geometry 1`] = `"<svg class="game-ui-icon" viewBox="0 0 24 24" width="20" height="20" fill="none" stroke="currentColor" stroke-width="2" stroke-linecap="round" stroke-linejoin="round" focusable="false" role="img" aria-label="user" data-icon="user" data-icon-size="md"><path d="M19 21v-2a4 4 0 0 0-4-4H9a4 4 0 0 0-4 4v2"></path><path d="M8 7a4 4 0 1 0 8 0a4 4 0 1 0 -8 0"></path></svg>"`;

exports[`vote uses its reviewed path geometry 1`] = `"<svg class="game-ui-icon" viewBox="0 0 24 24" width="20" height="20" fill="none" stroke="currentColor" stroke-width="2" stroke-linecap="round" stroke-linejoin="round" focusable="false" role="img" aria-label="vote" data-icon="vote" data-icon-size="md"><path d="m9 12 2 2 4-4"></path><path d="M5 7c0-1.1.9-2 2-2h10a2 2 0 0 1 2 2v12H5V7Z"></path><path d="M22 19H2"></path></svg>"`;
